Diagnose log at 2025-07-10T15:20:34Z

AppPath: /usr/bin/git-credential-manager
InstallDir: /usr/lib/share/git-credential-manager-bin/
Version: 2.6.1+786ab03440ddc82e807a97c0e540f5247e44cec6

------------
Diagnostic: Environment
Skipped: False
Success: True
Exception: None
Log:
OSType: Linux
OSVersion: EndeavourOS
Reading environment variables... OK
 Variables:
XDG_DATA_DIRS=/home/johanr/.local/share/flatpak/exports/share:/var/lib/flatpak/exports/share:/usr/local/share:/usr/share
MOTD_SHOWN=pam
LC_NAME=sv_SE.UTF-8
LC_TIME=sv_SE.UTF-8
LOGNAME=johanr
GIT_TRACE2_PARENT_SID=1ef5c737-a016-4079-8288-c9e33a3363b2
COLORFGBG=15;0
PROFILEHOME=
DBUS_SESSION_BUS_ADDRESS=unix:path=/run/user/1000/bus
JOURNAL_STREAM=9:22873
KONSOLE_DBUS_SERVICE=:1.113
WAYLAND_DISPLAY=wayland-0
KONSOLE_VERSION=250403
SESSION_MANAGER=local/johansThinkPadT14s:@/tmp/.ICE-unix/1347,unix/johansThinkPadT14s:/tmp/.ICE-unix/1347
MANAGERPID=1080
XDG_SESSION_DESKTOP=KDE
LC_PAPER=sv_SE.UTF-8
SYSTEMD_EXEC_PID=1405
DEBUGINFOD_URLS=https://debuginfod.archlinux.org 
XDG_SEAT=seat0
DISPLAY=:1
XDG_VTNR=1
XDG_SESSION_PATH=/org/freedesktop/DisplayManager/Session1
ICEAUTHORITY=/run/user/1000/iceauth_YhIxQV
INVOCATION_ID=78196ddbef85495591e42da6fa6fa9dc
SHLVL=1
XDG_SEAT_PATH=/org/freedesktop/DisplayManager/Seat0
XDG_MENU_PREFIX=plasma-
MEMORY_PRESSURE_WATCH=/sys/fs/cgroup/user.slice/user-1000.slice/user@1000.service/session.slice/plasma-plasmashell.service/memory.pressure
PWD=/home/johanr/Documents/backintime
EDITOR=nano
KDE_FULL_SESSION=true
XDG_CURRENT_DESKTOP=KDE
XDG_RUNTIME_DIR=/run/user/1000
GTK_RC_FILES=/etc/gtk/gtkrc:/home/johanr/.gtkrc:/home/johanr/.config/gtkrc
LANGUAGE=
GTK2_RC_FILES=/etc/gtk-2.0/gtkrc:/home/johanr/.gtkrc-2.0:/home/johanr/.config/gtkrc-2.0
LC_TELEPHONE=sv_SE.UTF-8
LC_MEASUREMENT=sv_SE.UTF-8
TERM=xterm-256color
KONSOLE_DBUS_SESSION=/Sessions/1
BROWSER=firefox
WINDOWID=94326564405808
KDE_SESSION_UID=1000
LC_ADDRESS=sv_SE.UTF-8
XDG_SESSION_CLASS=user
PATH=/home/johanr/.spicetify:/home/johanr/.cargo/bin:/usr/local/sbin:/usr/local/bin:/usr/bin:/var/lib/flatpak/exports/bin:/usr/lib/jvm/default/bin:/usr/bin/site_perl:/usr/bin/vendor_perl:/usr/bin/core_perl:/home/johanr/.local/bin:/home/johanr/.local/bin
PT7HOME=/opt/pt
XAUTHORITY=/run/user/1000/xauth_ABCBYy
MAIL=/var/spool/mail/johanr
XDG_SESSION_ID=2
PAM_KWALLET5_LOGIN=/run/user/1000/kwallet5.socket
KONSOLE_DBUS_WINDOW=/Windows/1
HOME=/home/johanr
LANG=en_US.UTF-8
SHELL_SESSION_ID=2e53f73546ac4ac694048f5b55a362f6
KDE_SESSION_VERSION=6
MEMORY_PRESSURE_WRITE=c29tZSAyMDAwMDAgMjAwMDAwMAA=
QT_WAYLAND_RECONNECT=1
USER=johanr
XDG_SESSION_TYPE=wayland
KDE_APPLICATIONS_AS_SCOPE=1
XKB_DEFAULT_LAYOUT=se
LC_NUMERIC=sv_SE.UTF-8
QT_DEVICE_PIXEL_RATIO=auto
SHELL=/usr/bin/fish
XDG_CONFIG_DIRS=/home/johanr/.config/kdedefaults:/etc/xdg
LC_MONETARY=sv_SE.UTF-8
DESKTOP_SESSION=plasma
LC_IDENTIFICATION=sv_SE.UTF-8
COLORTERM=truecolor


------------
Diagnostic: File system
Skipped: False
Success: True
Exception: None
Log:
Temporary directory is '/tmp/'...
Checking basic file I/O...
Writing to temporary file '/tmp/7b0b4518b243a639860cea9d'... OK
Reading from temporary file '/tmp/7b0b4518b243a639860cea9d'... OK
Deleting temporary file '/tmp/7b0b4518b243a639860cea9d'... OK
Testing IFileSystem instance...
UserHomePath: /home/johanr
UserDataDirectoryPath: /home/johanr/.gcm
GetCurrentDirectory(): /home/johanr/Documents/backintime

------------
Diagnostic: Networking
Skipped: False
Success: True
Exception: None
Log:
Checking networking and HTTP stack...
Creating HTTP client... OK
IsNetworkAvailable: True
Sending HEAD request to http://example.com...Sending HEAD request to https://example.com... OK
 OK
Acquiring free TCP port... OK
Testing local HTTP loopback connections...
Creating new HTTP listener for http://localhost:35869/... OK
Waiting for loopback connection... OK
Writing response... OK
Waiting for response data... OK
Loopback connection data OK

------------
Diagnostic: Git
Skipped: False
Success: True
Exception: None
Log:
Getting Git version... OK
Git version is '2.50.1'
Locating current repository...Git repository at '/home/johanr/Documents/backintime/.git'
 OK
Listing all Git configuration... OK
Git configuration:
file:/home/johanr/.gitconfig	user.name=Johan Risberg
file:/home/johanr/.gitconfig	user.email=johan.s@risberg.com
file:/home/johanr/.gitconfig	credential.credentialstore=secretservice
file:/home/johanr/.gitconfig	credential.helper=
file:/home/johanr/.gitconfig	credential.helper=/usr/bin/git-credential-manager
file:/home/johanr/.gitconfig	credential.https://dev.azure.com.usehttppath=true
file:.git/config	core.repositoryformatversion=0
file:.git/config	core.filemode=true
file:.git/config	core.bare=false
file:.git/config	core.logallrefupdates=true
file:.git/config	remote.origin.url=https://github.com/johanR04/backintime.git
file:.git/config	remote.origin.fetch=+refs/heads/*:refs/remotes/origin/*
file:.git/config	branch.dev.remote=origin
file:.git/config	branch.dev.merge=refs/heads/dev
file:.git/config	branch.dev.vscode-merge-base=origin/dev
file:.git/config	branch.rsyncOpenFiles.remote=origin
file:.git/config	branch.rsyncOpenFiles.merge=refs/heads/rsyncOpenFiles
file:.git/config	branch.rsyncOpenFiles.vscode-merge-base=origin/rsyncOpenFiles
file:.git/config	credential.helper=store


------------
Diagnostic: Credential storage
Skipped: False
Success: True
Exception: None
Log:
ICredentialStore instance is of type: CredentialStore
Writing test credential... OK
Reading test credential... OK
Deleting test credential... OK

------------
Diagnostic: Microsoft authentication (AAD/MSA)
Skipped: False
Success: True
Exception: None
Log:
Broker is not enabled.
Flow type is: Auto
Gathering MSAL token cache data... OK
CacheDirectory: /home/johanr/.local/.IdentityService
CacheFileName: msal.cache
CacheFilePath: /home/johanr/.local/.IdentityService/msal.cache
KeyringCollection: 
KeyringSchemaName: 
KeyringSecretLabel: 
KeyringAttribute1: (,)
KeyringAttribute2: (,)
Creating cache helper... OK
Verifying MSAL token cache persistence... OK

------------
Diagnostic: GitHub API
Skipped: False
Success: True
Exception: None
Log:
Using 'https://github.com/' as API target.
Querying '/meta' endpoint... OK

